../Core/Src/main.c:142:5:main	15
../Core/Src/main.c:340:6:SystemClock_Config	4
../Core/Src/main.c:391:13:MX_DAC1_Init	3
../Core/Src/main.c:435:13:MX_LPUART1_UART_Init	5
../Core/Src/main.c:483:13:MX_UART5_Init	5
../Core/Src/main.c:531:13:MX_USART2_UART_Init	5
../Core/Src/main.c:579:13:MX_SPI1_Init	2
../Core/Src/main.c:619:13:MX_TIM3_Init	4
../Core/Src/main.c:664:13:MX_TIM4_Init	4
../Core/Src/main.c:709:13:MX_TIM5_Init	4
../Core/Src/main.c:754:13:MX_TIM6_Init	3
../Core/Src/main.c:792:13:MX_TIM7_Init	3
../Core/Src/main.c:828:13:MX_DMA_Init	1
../Core/Src/main.c:847:13:MX_GPIO_Init	1
../Core/Src/main.c:1101:1:__io_putchar	1
../Core/Src/main.c:1107:6:HAL_UART_RxCpltCallback	8
../Core/Src/main.c:1142:6:HAL_TIM_PeriodElapsedCallback	17
../Core/Src/main.c:1236:6:HAL_UART_ErrorCallback	3
../Core/Src/main.c:1255:6:HAL_GPIO_EXTI_Callback	3
../Core/Src/main.c:1274:6:Error_Handler	1
