Archive member included to satisfy reference by file (symbol)

C:/ST/STM32CubeIDE_2.0.0/STM32CubeIDE/plugins/com.st.stm32cube.ide.mcu.externaltools.gnu-tools-for-stm32.14.3.rel1.win32_1.0.100.202602081740/tools/bin/../lib/gcc/arm-none-eabi/14.3.1/../../../../arm-none-eabi/lib/thumb/v7e-m+fp/hard\libc_nano.a(libc_a-exit.o)
                              C:/ST/STM32CubeIDE_2.0.0/STM32CubeIDE/plugins/com.st.stm32cube.ide.mcu.externaltools.gnu-tools-for-stm32.14.3.rel1.win32_1.0.100.202602081740/tools/bin/../lib/gcc/arm-none-eabi/14.3.1/../../../../arm-none-eabi/lib/thumb/v7e-m+fp/hard/crt0.o (exit)
C:/ST/STM32CubeIDE_2.0.0/STM32CubeIDE/plugins/com.st.stm32cube.ide.mcu.externaltools.gnu-tools-for-stm32.14.3.rel1.win32_1.0.100.202602081740/tools/bin/../lib/gcc/arm-none-eabi/14.3.1/../../../../arm-none-eabi/lib/thumb/v7e-m+fp/hard\libc_nano.a(libc_a-findfp.o)
                              C:/ST/STM32CubeIDE_2.0.0/STM32CubeIDE/plugins/com.st.stm32cube.ide.mcu.externaltools.gnu-tools-for-stm32.14.3.rel1.win32_1.0.100.202602081740/tools/bin/../lib/gcc/arm-none-eabi/14.3.1/../../../../arm-none-eabi/lib/thumb/v7e-m+fp/hard\libc_nano.a(libc_a-exit.o) (__stdio_exit_handler)
C:/ST/STM32CubeIDE_2.0.0/STM32CubeIDE/plugins/com.st.stm32cube.ide.mcu.externaltools.gnu-tools-for-stm32.14.3.rel1.win32_1.0.100.202602081740/tools/bin/../lib/gcc/arm-none-eabi/14.3.1/../../../../arm-none-eabi/lib/thumb/v7e-m+fp/hard\libc_nano.a(libc_a-fwalk.o)
                              C:/ST/STM32CubeIDE_2.0.0/STM32CubeIDE/plugins/com.st.stm32cube.ide.mcu.externaltools.gnu-tools-for-stm32.14.3.rel1.win32_1.0.100.202602081740/tools/bin/../lib/gcc/arm-none-eabi/14.3.1/../../../../arm-none-eabi/lib/thumb/v7e-m+fp/hard\libc_nano.a(libc_a-findfp.o) (_fwalk_sglue)
C:/ST/STM32CubeIDE_2.0.0/STM32CubeIDE/plugins/com.st.stm32cube.ide.mcu.externaltools.gnu-tools-for-stm32.14.3.rel1.win32_1.0.100.202602081740/tools/bin/../lib/gcc/arm-none-eabi/14.3.1/../../../../arm-none-eabi/lib/thumb/v7e-m+fp/hard\libc_nano.a(libc_a-stdio.o)
                              C:/ST/STM32CubeIDE_2.0.0/STM32CubeIDE/plugins/com.st.stm32cube.ide.mcu.externaltools.gnu-tools-for-stm32.14.3.rel1.win32_1.0.100.202602081740/tools/bin/../lib/gcc/arm-none-eabi/14.3.1/../../../../arm-none-eabi/lib/thumb/v7e-m+fp/hard\libc_nano.a(libc_a-findfp.o) (__sread)
C:/ST/STM32CubeIDE_2.0.0/STM32CubeIDE/plugins/com.st.stm32cube.ide.mcu.externaltools.gnu-tools-for-stm32.14.3.rel1.win32_1.0.100.202602081740/tools/bin/../lib/gcc/arm-none-eabi/14.3.1/../../../../arm-none-eabi/lib/thumb/v7e-m+fp/hard\libc_nano.a(libc_a-memset.o)
                              C:/ST/STM32CubeIDE_2.0.0/STM32CubeIDE/plugins/com.st.stm32cube.ide.mcu.externaltools.gnu-tools-for-stm32.14.3.rel1.win32_1.0.100.202602081740/tools/bin/../lib/gcc/arm-none-eabi/14.3.1/../../../../arm-none-eabi/lib/thumb/v7e-m+fp/hard/crt0.o (memset)
C:/ST/STM32CubeIDE_2.0.0/STM32CubeIDE/plugins/com.st.stm32cube.ide.mcu.externaltools.gnu-tools-for-stm32.14.3.rel1.win32_1.0.100.202602081740/tools/bin/../lib/gcc/arm-none-eabi/14.3.1/../../../../arm-none-eabi/lib/thumb/v7e-m+fp/hard\libc_nano.a(libc_a-closer.o)
                              C:/ST/STM32CubeIDE_2.0.0/STM32CubeIDE/plugins/com.st.stm32cube.ide.mcu.externaltools.gnu-tools-for-stm32.14.3.rel1.win32_1.0.100.202602081740/tools/bin/../lib/gcc/arm-none-eabi/14.3.1/../../../../arm-none-eabi/lib/thumb/v7e-m+fp/hard\libc_nano.a(libc_a-stdio.o) (_close_r)
C:/ST/STM32CubeIDE_2.0.0/STM32CubeIDE/plugins/com.st.stm32cube.ide.mcu.externaltools.gnu-tools-for-stm32.14.3.rel1.win32_1.0.100.202602081740/tools/bin/../lib/gcc/arm-none-eabi/14.3.1/../../../../arm-none-eabi/lib/thumb/v7e-m+fp/hard\libc_nano.a(libc_a-reent.o)
                              C:/ST/STM32CubeIDE_2.0.0/STM32CubeIDE/plugins/com.st.stm32cube.ide.mcu.externaltools.gnu-tools-for-stm32.14.3.rel1.win32_1.0.100.202602081740/tools/bin/../lib/gcc/arm-none-eabi/14.3.1/../../../../arm-none-eabi/lib/thumb/v7e-m+fp/hard\libc_nano.a(libc_a-closer.o) (errno)
C:/ST/STM32CubeIDE_2.0.0/STM32CubeIDE/plugins/com.st.stm32cube.ide.mcu.externaltools.gnu-tools-for-stm32.14.3.rel1.win32_1.0.100.202602081740/tools/bin/../lib/gcc/arm-none-eabi/14.3.1/../../../../arm-none-eabi/lib/thumb/v7e-m+fp/hard\libc_nano.a(libc_a-impure.o)
                              C:/ST/STM32CubeIDE_2.0.0/STM32CubeIDE/plugins/com.st.stm32cube.ide.mcu.externaltools.gnu-tools-for-stm32.14.3.rel1.win32_1.0.100.202602081740/tools/bin/../lib/gcc/arm-none-eabi/14.3.1/../../../../arm-none-eabi/lib/thumb/v7e-m+fp/hard\libc_nano.a(libc_a-reent.o) (_impure_ptr)
C:/ST/STM32CubeIDE_2.0.0/STM32CubeIDE/plugins/com.st.stm32cube.ide.mcu.externaltools.gnu-tools-for-stm32.14.3.rel1.win32_1.0.100.202602081740/tools/bin/../lib/gcc/arm-none-eabi/14.3.1/../../../../arm-none-eabi/lib/thumb/v7e-m+fp/hard\libc_nano.a(libc_a-lseekr.o)
[...]
Memory Configuration

Name             Origin             Length             Attributes
RAM              0x20000000         0x00030000         xrw
RAM2             0x10000000         0x00010000         xrw
RAM3             0x20040000         0x00060000         xrw
FLASH            0x08000000         0x00200000         xr
*default*        0x00000000         0xffffffff

Linker script and memory map

LOAD C:/ST/STM32CubeIDE_2.0.0/STM32CubeIDE/plugins/com.st.stm32cube.ide.mcu.externaltools.gnu-tools-for-stm32.14.3.rel1.win32_1.0.100.202602081740/tools/bin/../lib/gcc/arm-none-eabi/14.3.1/thumb/v7e-m+fp/hard/crti.o
LOAD C:/ST/STM32CubeIDE_2.0.0/STM32CubeIDE/plugins/com.st.stm32cube.ide.mcu.externaltools.gnu-tools-for-stm32.14.3.rel1.win32_1.0.100.202602081740/tools/bin/../lib/gcc/arm-none-eabi/14.3.1/thumb/v7e-m+fp/hard/crtbegin.o
LOAD C:/ST/STM32CubeIDE_2.0.0/STM32CubeIDE/plugins/com.st.stm32cube.ide.mcu.externaltools.gnu-tools-for-stm32.14.3.rel1.win32_1.0.100.202602081740/tools/bin/../lib/gcc/arm-none-eabi/14.3.1/../../../../arm-none-eabi/lib/thumb/v7e-m+fp/hard/crt0.o
LOAD ./Core/Src/MAX7219Driver.o
LOAD ./Core/Src/main.o
LOAD ./Core/Src/stm32l4xx_hal_msp.o
LOAD ./Core/Src/stm32l4xx_it.o
LOAD ./Core/Src/syscalls.o
LOAD ./Core/Src/sysmem.o
LOAD ./Core/Src/system_stm32l4xx.o
LOAD ./Core/Startup/startup_stm32l4r5zitxp.o
LOAD ./Drivers/STM32L4xx_HAL_Driver/Src/stm32l4xx_hal.o
LOAD ./Drivers/STM32L4xx_HAL_Driver/Src/stm32l4xx_hal_cortex.o
LOAD ./Drivers/STM32L4xx_HAL_Driver/Src/stm32l4xx_hal_dac.o
LOAD ./Drivers/STM32L4xx_HAL_Driver/Src/stm32l4xx_hal_dac_ex.o
LOAD ./Drivers/STM32L4xx_HAL_Driver/Src/stm32l4xx_hal_dma.o
LOAD ./Drivers/STM32L4xx_HAL_Driver/Src/stm32l4xx_hal_dma_ex.o
LOAD ./Drivers/STM32L4xx_HAL_Driver/Src/stm32l4xx_hal_exti.o
LOAD ./Drivers/STM32L4xx_HAL_Driver/Src/stm32l4xx_hal_flash.o
LOAD ./Drivers/STM32L4xx_HAL_Driver/Src/stm32l4xx_hal_flash_ex.o
LOAD ./Drivers/STM32L4xx_HAL_Driver/Src/stm32l4xx_hal_flash_ramfunc.o
LOAD ./Drivers/STM32L4xx_HAL_Driver/Src/stm32l4xx_hal_gpio.o
LOAD ./Drivers/STM32L4xx_HAL_Driver/Src/stm32l4xx_hal_i2c.o
LOAD ./Drivers/STM32L4xx_HAL_Driver/Src/stm32l4xx_hal_i2c_ex.o
LOAD ./Drivers/STM32L4xx_HAL_Driver/Src/stm32l4xx_hal_pwr.o
LOAD ./Drivers/STM32L4xx_HAL_Driver/Src/stm32l4xx_hal_pwr_ex.o
LOAD ./Drivers/STM32L4xx_HAL_Driver/Src/stm32l4xx_hal_rcc.o
LOAD ./Drivers/STM32L4xx_HAL_Driver/Src/stm32l4xx_hal_rcc_ex.o
LOAD ./Drivers/STM32L4xx_HAL_Driver/Src/stm32l4xx_hal_spi.o
LOAD ./Drivers/STM32L4xx_HAL_Driver/Src/stm32l4xx_hal_spi_ex.o
LOAD ./Drivers/STM32L4xx_HAL_Driver/Src/stm32l4xx_hal_tim.o
LOAD ./Drivers/STM32L4xx_HAL_Driver/Src/stm32l4xx_hal_tim_ex.o
LOAD ./Drivers/STM32L4xx_HAL_Driver/Src/stm32l4xx_hal_uart.o
LOAD ./Drivers/STM32L4xx_HAL_Driver/Src/stm32l4xx_hal_uart_ex.o
START GROUP
LOAD C:/ST/STM32CubeIDE_2.0.0/STM32CubeIDE/plugins/com.st.stm32cube.ide.mcu.externaltools.gnu-tools-for-stm32.14.3.rel1.win32_1.0.100.202602081740/tools/bin/../lib/gcc/arm-none-eabi/14.3.1/../../../../arm-none-eabi/lib/thumb/v7e-m+fp/hard\libc_nano.a
LOAD C:/ST/STM32CubeIDE_2.0.0/STM32CubeIDE/plugins/com.st.stm32cube.ide.mcu.externaltools.gnu-tools-for-stm32.14.3.rel1.win32_1.0.100.202602081740/tools/bin/../lib/gcc/arm-none-eabi/14.3.1/../../../../arm-none-eabi/lib/thumb/v7e-m+fp/hard\libm.a
END GROUP
START GROUP
LOAD C:/ST/STM32CubeIDE_2.0.0/STM32CubeIDE/plugins/com.st.stm32cube.ide.mcu.externaltools.gnu-tools-for-stm32.14.3.rel1.win32_1.0.100.202602081740/tools/bin/../lib/gcc/arm-none-eabi/14.3.1/thumb/v7e-m+fp/hard\libgcc.a
LOAD C:/ST/STM32CubeIDE_2.0.0/STM32CubeIDE/plugins/com.st.stm32cube.ide.mcu.externaltools.gnu-tools-for-stm32.14.3.rel1.win32_1.0.100.202602081740/tools/bin/../lib/gcc/arm-none-eabi/14.3.1/../../../../arm-none-eabi/lib/thumb/v7e-m+fp/hard\libc_nano.a
END GROUP
START GROUP
LOAD C:/ST/STM32CubeIDE_2.0.0/STM32CubeIDE/plugins/com.st.stm32cube.ide.mcu.externaltools.gnu-tools-for-stm32.14.3.rel1.win32_1.0.100.202602081740/tools/bin/../lib/gcc/arm-none-eabi/14.3.1/thumb/v7e-m+fp/hard\libgcc.a
LOAD C:/ST/STM32CubeIDE_2.0.0/STM32CubeIDE/plugins/com.st.stm32cube.ide.mcu.externaltools.gnu-tools-for-stm32.14.3.rel1.win32_1.0.100.202602081740/tools/bin/../lib/gcc/arm-none-eabi/14.3.1/../../../../arm-none-eabi/lib/thumb/v7e-m+fp/hard\libc_nano.a
LOAD C:/ST/STM32CubeIDE_2.0.0/STM32CubeIDE/plugins/com.st.stm32cube.ide.mcu.externaltools.gnu-tools-for-stm32.14.3.rel1.win32_1.0.100.202602081740/tools/bin/../lib/gcc/arm-none-eabi/14.3.1/../../../../arm-none-eabi/lib/thumb/v7e-m+fp/hard\libnosys.a
END GROUP
START GROUP
LOAD C:/ST/STM32CubeIDE_2.0.0/STM32CubeIDE/plugins/com.st.stm32cube.ide.mcu.externaltools.gnu-tools-for-stm32.14.3.rel1.win32_1.0.100.202602081740/tools/bin/../lib/gcc/arm-none-eabi/14.3.1/thumb/v7e-m+fp/hard\libgcc.a
LOAD C:/ST/STM32CubeIDE_2.0.0/STM32CubeIDE/plugins/com.st.stm32cube.ide.mcu.externaltools.gnu-tools-for-stm32.14.3.rel1.win32_1.0.100.202602081740/tools/bin/../lib/gcc/arm-none-eabi/14.3.1/../../../../arm-none-eabi/lib/thumb/v7e-m+fp/hard\libc_nano.a
LOAD C:/ST/STM32CubeIDE_2.0.0/STM32CubeIDE/plugins/com.st.stm32cube.ide.mcu.externaltools.gnu-tools-for-stm32.14.3.rel1.win32_1.0.100.202602081740/tools/bin/../lib/gcc/arm-none-eabi/14.3.1/../../../../arm-none-eabi/lib/thumb/v7e-m+fp/hard\libnosys.a
END GROUP
LOAD C:/ST/STM32CubeIDE_2.0.0/STM32CubeIDE/plugins/com.st.stm32cube.ide.mcu.externaltools.gnu-tools-for-stm32.14.3.rel1.win32_1.0.100.202602081740/tools/bin/../lib/gcc/arm-none-eabi/14.3.1/thumb/v7e-m+fp/hard/crtend.o
LOAD C:/ST/STM32CubeIDE_2.0.0/STM32CubeIDE/plugins/com.st.stm32cube.ide.mcu.externaltools.gnu-tools-for-stm32.14.3.rel1.win32_1.0.100.202602081740/tools/bin/../lib/gcc/arm-none-eabi/14.3.1/thumb/v7e-m+fp/hard/crtn.o
                0x200a0000                        _estack = (ORIGIN (RAM3) + LENGTH (RAM3))
                0x00000200                        _Min_Heap_Size = 0x200
                0x00000400                        _Min_Stack_Size = 0x400

.isr_vector     0x08000000      0x1bc
                0x08000000                        . = ALIGN (0x4)
 *(.isr_vector)
 .isr_vector    0x08000000      0x1bc ./Core/Startup/startup_stm32l4r5zitxp.o
                0x08000000                g_pfnVectors
                0x080001bc                        . = ALIGN (0x4)

.text           0x080001bc     0x53a4
                0x080001bc                        . = ALIGN (0x4)
 *(.text)
 .text          0x080001bc       0x40 C:/ST/STM32CubeIDE_2.0.0/STM32CubeIDE/plugins/com.st.stm32cube.ide.mcu.externaltools.gnu-tools-for-stm32.14.3.rel1.win32_1.0.100.202602081740/tools/bin/../lib/gcc/arm-none-eabi/14.3.1/thumb/v7e-m+fp/hard/crtbegin.o
 .text          0x080001fc      0x378 C:/ST/STM32CubeIDE_2.0.0/STM32CubeIDE/plugins/com.st.stm32cube.ide.mcu.externaltools.gnu-tools-for-stm32.14.3.rel1.win32_1.0.100.202602081740/tools/bin/../lib/gcc/arm-none-eabi/14.3.1/thumb/v7e-m+fp/hard\libgcc.a(_arm_addsubdf3.o)
                0x080001fc                __aeabi_drsub
                0x08000204                __aeabi_dsub
                0x08000204                __subdf3
                0x08000208                __aeabi_dadd
                0x08000208                __adddf3
                0x08000480                __floatunsidf
                0x08000480                __aeabi_ui2d
                0x080004a0                __floatsidf
                0x080004a0                __aeabi_i2d
                0x080004c4                __aeabi_f2d
                0x080004c4                __extendsfdf2
                0x08000508                __floatundidf
                0x08000508                __aeabi_ul2d
                0x08000518                __floatdidf
                0x08000518                __aeabi_l2d
 .text          0x08000574      0x424 C:/ST/STM32CubeIDE_2.0.0/STM32CubeIDE/plugins/com.st.stm32cube.ide.mcu.externaltools.gnu-tools-for-stm32.14.3.rel1.win32_1.0.100.202602081740/tools/bin/../lib/gcc/arm-none-eabi/14.3.1/thumb/v7e-m+fp/hard\libgcc.a(_arm_muldivdf3.o)
                0x08000574                __aeabi_dmul
                0x08000574                __muldf3
                0x080007c8                __divdf3
                0x080007c8                __aeabi_ddiv
 .text          0x08000998       0xa0 C:/ST/STM32CubeIDE_2.0.0/STM32CubeIDE/plugins/com.st.stm32cube.ide.mcu.externaltools.gnu-tools-for-stm32.14.3.rel1.win32_1.0.100.202602081740/tools/bin/../lib/gcc/arm-none-eabi/14.3.1/thumb/v7e-m+fp/hard\libgcc.a(_arm_truncdfsf2.o)
                0x08000998                __truncdfsf2
                0x08000998                __aeabi_d2f
 .text          0x08000a38       0x30 C:/ST/STM32CubeIDE_2.0.0/STM32CubeIDE/plugins/com.st.stm32cube.ide.mcu.externaltools.gnu-tools-for-stm32.14.3.rel1.win32_1.0.100.202602081740/tools/bin/../lib/gcc/arm-none-eabi/14.3.1/thumb/v7e-m+fp/hard\libgcc.a(_aeabi_uldivmod.o)
                0x08000a38                __aeabi_uldivmod
 .text          0x08000a68      0x2f8 C:/ST/STM32CubeIDE_2.0.0/STM32CubeIDE/plugins/com.st.stm32cube.ide.mcu.externaltools.gnu-tools-for-stm32.14.3.rel1.win32_1.0.100.202602081740/tools/bin/../lib/gcc/arm-none-eabi/14.3.1/thumb/v7e-m+fp/hard\libgcc.a(_udivmoddi4.o)
                0x08000a68                __udivmoddi4
 .text          0x08000d60        0x4 C:/ST/STM32CubeIDE_2.0.0/STM32CubeIDE/plugins/com.st.stm32cube.ide.mcu.externaltools.gnu-tools-for-stm32.14.3.rel1.win32_1.0.100.202602081740/tools/bin/../lib/gcc/arm-none-eabi/14.3.1/thumb/v7e-m+fp/hard\libgcc.a(_dvmd_tls.o)
                0x08000d60                __aeabi_idiv0
                0x08000d60                __aeabi_ldiv0
 *(.text*)
 .text.Matrix_Clear
                0x08000d64       0x4c ./Core/Src/MAX7219Driver.o
                0x08000d64                Matrix_Clear
 .text.Matrix_Clear_Cell
                0x08000db0       0x5c ./Core/Src/MAX7219Driver.o
                0x08000db0                Matrix_Clear_Cell
 .text.Matrix_Init
                0x08000e0c       0x50 ./Core/Src/MAX7219Driver.o
                0x08000e0c                Matrix_Init
 .text.Write_Char
                0x08000e5c       0x6c ./Core/Src/MAX7219Driver.o
                0x08000e5c                Write_Char
 .text.Write_Pixel
                0x08000ec8       0x6c ./Core/Src/MAX7219Driver.o
                0x08000ec8                Write_Pixel
 .text.SystemClock_Config
                0x08000f34       0x70 ./Core/Src/main.o
                0x08000f34                SystemClock_Config
 .text.startup.main
                0x08000fa4      0xa9c ./Core/Src/main.o
                0x08000fa4                main
 .text.HAL_UART_RxCpltCallback
                0x08001a40       0x8c ./Core/Src/main.o
                0x08001a40                HAL_UART_RxCpltCallback
 .text.HAL_TIM_PeriodElapsedCallback
                0x08001acc      0x26c ./Core/Src/main.o
                0x08001acc                HAL_TIM_PeriodElapsedCallback
 .text.HAL_UART_ErrorCallback
                0x08001d38       0x3c ./Core/Src/main.o
                0x08001d38                HAL_UART_ErrorCallback
 .text.HAL_GPIO_EXTI_Callback
                0x08001d74       0x24 ./Core/Src/main.o
                0x08001d74                HAL_GPIO_EXTI_Callback
 .text.Error_Handler
                0x08001d98        0x4 ./Core/Src/main.o
                0x08001d98                Error_Handler
 .text.HAL_MspInit
                0x08001d9c       0x30 ./Core/Src/stm32l4xx_hal_msp.o
                0x08001d9c                HAL_MspInit
 .text.HAL_DAC_MspInit
                0x08001dcc       0xa0 ./Core/Src/stm32l4xx_hal_msp.o
                0x08001dcc                HAL_DAC_MspInit
 .text.HAL_UART_MspInit
                0x08001e6c      0x194 ./Core/Src/stm32l4xx_hal_msp.o
                0x08001e6c                HAL_UART_MspInit
 .text.HAL_SPI_MspInit
                0x08002000       0x64 ./Core/Src/stm32l4xx_hal_msp.o
                0x08002000                HAL_SPI_MspInit
 .text.HAL_TIM_Base_MspInit
                0x08002064      0x18c ./Core/Src/stm32l4xx_hal_msp.o
                0x08002064                HAL_TIM_Base_MspInit
 .text.NMI_Handler
                0x080021f0        0x2 ./Core/Src/stm32l4xx_it.o
                0x080021f0                NMI_Handler
 .text.HardFault_Handler
                0x080021f2        0x2 ./Core/Src/stm32l4xx_it.o
                0x080021f2                HardFault_Handler
 .text.MemManage_Handler
                0x080021f4        0x2 ./Core/Src/stm32l4xx_it.o
                0x080021f4                MemManage_Handler
 .text.BusFault_Handler
                0x080021f6        0x2 ./Core/Src/stm32l4xx_it.o
                0x080021f6                BusFault_Handler
 .text.UsageFault_Handler
                0x080021f8        0x2 ./Core/Src/stm32l4xx_it.o
                0x080021f8                UsageFault_Handler
 .text.SVC_Handler
                0x080021fa        0x2 ./Core/Src/stm32l4xx_it.o
                0x080021fa                SVC_Handler
 .text.DebugMon_Handler
                0x080021fc        0x2 ./Core/Src/stm32l4xx_it.o
                0x080021fc                DebugMon_Handler
 .text.PendSV_Handler
                0x080021fe        0x2 ./Core/Src/stm32l4xx_it.o
                0x080021fe                PendSV_Handler
 .text.SysTick_Handler
                0x08002200        0x4 ./Core/Src/stm32l4xx_it.o
                0x08002200                SysTick_Handler
 .text.EXTI0_IRQHandler
                0x08002204        0x6 ./Core/Src/stm32l4xx_it.o
                0x08002204                EXTI0_IRQHandler
 *fill*         0x0800220a        0x2 
 .text.DMA1_Channel1_IRQHandler
                0x0800220c        0xc ./Core/Src/stm32l4xx_it.o
                0x0800220c                DMA1_Channel1_IRQHandler
 .text.EXTI9_5_IRQHandler
                0x08002218        0x8 ./Core/Src/stm32l4xx_it.o
                0x08002218                EXTI9_5_IRQHandler
 .text.TIM4_IRQHandler
                0x08002220        0xc ./Core/Src/stm32l4xx_it.o
                0x08002220                TIM4_IRQHandler
 .text.USART2_IRQHandler
                0x0800222c        0xc ./Core/Src/stm32l4xx_it.o
                0x0800222c                USART2_IRQHandler
 .text.UART5_IRQHandler
                0x08002238        0xc ./Core/Src/stm32l4xx_it.o
                0x08002238                UART5_IRQHandler
 .text.TIM6_DAC_IRQHandler
                0x08002244       0x1c ./Core/Src/stm32l4xx_it.o
                0x08002244                TIM6_DAC_IRQHandler
 .text.TIM7_IRQHandler
                0x08002260        0xc ./Core/Src/stm32l4xx_it.o
                0x08002260                TIM7_IRQHandler
 .text.SystemInit
                0x0800226c       0x14 ./Core/Src/system_stm32l4xx.o
                0x0800226c                SystemInit
 .text.Reset_Handler
                0x08002280       0x50 ./Core/Startup/startup_stm32l4r5zitxp.o
                0x08002280                Reset_Handler
 .text.Default_Handler
                0x080022d0        0x2 ./Core/Startup/startup_stm32l4r5zitxp.o
                0x080022d0                RTC_Alarm_IRQHandler
                0x080022d0                EXTI2_IRQHandler
                0x080022d0                TIM8_TRG_COM_IRQHandler
                0x080022d0                TIM8_CC_IRQHandler
                0x080022d0                TIM1_CC_IRQHandler
                0x080022d0                TSC_IRQHandler
                0x080022d0                TAMP_STAMP_IRQHandler
                0x080022d0                EXTI3_IRQHandler
                0x080022d0                LPTIM2_IRQHandler
                0x080022d0                DFSDM1_FLT1_IRQHandler
                0x080022d0                GFXMMU_IRQHandler
                0x080022d0                I2C3_ER_IRQHandler
                0x080022d0                DFSDM1_FLT2_IRQHandler
                0x080022d0                I2C2_EV_IRQHandler
                0x080022d0                CAN1_RX0_IRQHandler
                0x080022d0                FPU_IRQHandler
                0x080022d0                TIM1_UP_TIM16_IRQHandler
                0x080022d0                LTDC_ER_IRQHandler
                0x080022d0                SPI1_IRQHandler
                0x080022d0                OCTOSPI1_IRQHandler
                0x080022d0                DCMI_IRQHandler
                0x080022d0                TIM8_UP_IRQHandler
                0x080022d0                OCTOSPI2_IRQHandler
                0x080022d0                DMA2_Channel2_IRQHandler
                0x080022d0                DMA1_Channel4_IRQHandler
                0x080022d0                SAI2_IRQHandler
                0x080022d0                ADC1_IRQHandler
                0x080022d0                DFSDM1_FLT3_IRQHandler
                0x080022d0                USART3_IRQHandler
                0x080022d0                DMA1_Channel7_IRQHandler
                0x080022d0                CAN1_RX1_IRQHandler
                0x080022d0                DMA2_Channel1_IRQHandler
                0x080022d0                I2C1_EV_IRQHandler
                0x080022d0                DMAMUX1_OVR_IRQHandler
                0x080022d0                DMA1_Channel6_IRQHandler
                0x080022d0                UART4_IRQHandler
                0x080022d0                DMA2_Channel4_IRQHandler
                0x080022d0                TIM3_IRQHandler
                0x080022d0                RCC_IRQHandler
                0x080022d0                Default_Handler
                0x080022d0                DMA2_Channel7_IRQHandler
                0x080022d0                EXTI15_10_IRQHandler
                0x080022d0                SDMMC1_IRQHandler
                0x080022d0                TIM5_IRQHandler
                0x080022d0                I2C3_EV_IRQHandler
                0x080022d0                RTC_WKUP_IRQHandler
                0x080022d0                LTDC_IRQHandler
                0x080022d0                PVD_PVM_IRQHandler
                0x080022d0                SPI2_IRQHandler
                0x080022d0                CAN1_TX_IRQHandler
                0x080022d0                DMA2_Channel5_IRQHandler
                0x080022d0                CRS_IRQHandler
                0x080022d0                DMA1_Channel5_IRQHandler
                0x080022d0                EXTI4_IRQHandler
                0x080022d0                RNG_IRQHandler
                0x080022d0                TIM1_TRG_COM_TIM17_IRQHandler
                0x080022d0                DMA1_Channel3_IRQHandler
                0x080022d0                COMP_IRQHandler
                0x080022d0                WWDG_IRQHandler
                0x080022d0                I2C4_EV_IRQHandler
                0x080022d0                LPUART1_IRQHandler
                0x080022d0                DMA2_Channel6_IRQHandler
                0x080022d0                TIM2_IRQHandler
                0x080022d0                DMA2D_IRQHandler
                0x080022d0                EXTI1_IRQHandler
                0x080022d0                DFSDM1_FLT0_IRQHandler
                0x080022d0                I2C2_ER_IRQHandler
                0x080022d0                DMA1_Channel2_IRQHandler
                0x080022d0                TIM8_BRK_IRQHandler
                0x080022d0                CAN1_SCE_IRQHandler
                0x080022d0                FLASH_IRQHandler
                0x080022d0                USART1_IRQHandler
                0x080022d0                OTG_FS_IRQHandler
                0x080022d0                SPI3_IRQHandler
                0x080022d0                I2C1_ER_IRQHandler
                0x080022d0                FMC_IRQHandler
                0x080022d0                LPTIM1_IRQHandler
                0x080022d0                I2C4_ER_IRQHandler
                0x080022d0                SAI1_IRQHandler
                0x080022d0                DMA2_Channel3_IRQHandler
                0x080022d0                TIM1_BRK_TIM15_IRQHandler
 *fill*         0x080022d2        0x2 
 .text.HAL_InitTick
                0x080022d4       0x4c ./Drivers/STM32L4xx_HAL_Driver/Src/stm32l4xx_hal.o
                0x080022d4                HAL_InitTick
 .text.HAL_Init
                0x08002320       0x1e ./Drivers/STM32L4xx_HAL_Driver/Src/stm32l4xx_hal.o
                0x08002320                HAL_Init
 *fill*         0x0800233e        0x2 
 .text.HAL_IncTick
                0x08002340       0x18 ./Drivers/STM32L4xx_HAL_Driver/Src/stm32l4xx_hal.o
                0x08002340                HAL_IncTick
 .text.HAL_GetTick
                0x08002358        0xc ./Drivers/STM32L4xx_HAL_Driver/Src/stm32l4xx_hal.o
                0x08002358                HAL_GetTick
 .text.HAL_Delay
                0x08002364       0x28 ./Drivers/STM32L4xx_HAL_Driver/Src/stm32l4xx_hal.o
                0x08002364                HAL_Delay
 .text.HAL_NVIC_SetPriorityGrouping
                0x0800238c       0x24 ./Drivers/STM32L4xx_HAL_Driver/Src/stm32l4xx_hal_cortex.o
                0x0800238c                HAL_NVIC_SetPriorityGrouping
 .text.HAL_NVIC_SetPriority
                0x080023b0       0x64 ./Drivers/STM32L4xx_HAL_Driver/Src/stm32l4xx_hal_cortex.o
                0x080023b0                HAL_NVIC_SetPriority
 .text.HAL_NVIC_EnableIRQ
                0x08002414       0x1c ./Drivers/STM32L4xx_HAL_Driver/Src/stm32l4xx_hal_cortex.o
                0x08002414                HAL_NVIC_EnableIRQ
 .text.HAL_NVIC_DisableIRQ
                0x08002430       0x24 ./Drivers/STM32L4xx_HAL_Driver/Src/stm32l4xx_hal_cortex.o
                0x08002430                HAL_NVIC_DisableIRQ
 .text.HAL_SYSTICK_Config
                0x08002454       0x28 ./Drivers/STM32L4xx_HAL_Driver/Src/stm32l4xx_hal_cortex.o
                0x08002454                HAL_SYSTICK_Config
 .text.HAL_DAC_Init
                0x0800247c       0x26 ./Drivers/STM32L4xx_HAL_Driver/Src/stm32l4xx_hal_dac.o
                0x0800247c                HAL_DAC_Init
 *fill*         0x080024a2        0x2 
 .text.HAL_DAC_Start_DMA
                0x080024a4       0xd8 ./Drivers/STM32L4xx_HAL_Driver/Src/stm32l4xx_hal_dac.o
                0x080024a4                HAL_DAC_Start_DMA
 .text.HAL_DAC_ConvCpltCallbackCh1
                0x0800257c        0x2 ./Drivers/STM32L4xx_HAL_Driver/Src/stm32l4xx_hal_dac.o
                0x0800257c                HAL_DAC_ConvCpltCallbackCh1
 .text.DAC_DMAConvCpltCh1
                0x0800257e       0x10 ./Drivers/STM32L4xx_HAL_Driver/Src/stm32l4xx_hal_dac.o
                0x0800257e                DAC_DMAConvCpltCh1
 .text.HAL_DAC_ConvHalfCpltCallbackCh1
                0x0800258e        0x2 ./Drivers/STM32L4xx_HAL_Driver/Src/stm32l4xx_hal_dac.o
                0x0800258e                HAL_DAC_ConvHalfCpltCallbackCh1
 .text.DAC_DMAHalfConvCpltCh1
                0x08002590        0xa ./Drivers/STM32L4xx_HAL_Driver/Src/stm32l4xx_hal_dac.o
                0x08002590                DAC_DMAHalfConvCpltCh1
 .text.HAL_DAC_ErrorCallbackCh1
                0x0800259a        0x2 ./Drivers/STM32L4xx_HAL_Driver/Src/stm32l4xx_hal_dac.o
                0x0800259a                HAL_DAC_ErrorCallbackCh1
 .text.DAC_DMAErrorCh1
                0x0800259c       0x18 ./Drivers/STM32L4xx_HAL_Driver/Src/stm32l4xx_hal_dac.o
                0x0800259c                DAC_DMAErrorCh1
 .text.HAL_DAC_DMAUnderrunCallbackCh1
                0x080025b4        0x2 ./Drivers/STM32L4xx_HAL_Driver/Src/stm32l4xx_hal_dac.o
                0x080025b4                HAL_DAC_DMAUnderrunCallbackCh1
 .text.HAL_DAC_IRQHandler
                0x080025b6       0x64 ./Drivers/STM32L4xx_HAL_Driver/Src/stm32l4xx_hal_dac.o
                0x080025b6                HAL_DAC_IRQHandler
 *fill*         0x0800261a        0x2 
 .text.HAL_DAC_ConfigChannel
                0x0800261c      0x148 ./Drivers/STM32L4xx_HAL_Driver/Src/stm32l4xx_hal_dac.o
                0x0800261c                HAL_DAC_ConfigChannel
 .text.HAL_DACEx_ConvCpltCallbackCh2
                0x08002764        0x2 ./Drivers/STM32L4xx_HAL_Driver/Src/stm32l4xx_hal_dac_ex.o
                0x08002764                HAL_DACEx_ConvCpltCallbackCh2
 .text.HAL_DACEx_ConvHalfCpltCallbackCh2
                0x08002766        0x2 ./Drivers/STM32L4xx_HAL_Driver/Src/stm32l4xx_hal_dac_ex.o
                0x08002766                HAL_DACEx_ConvHalfCpltCallbackCh2
 .text.HAL_DACEx_ErrorCallbackCh2
                0x08002768        0x2 ./Drivers/STM32L4xx_HAL_Driver/Src/stm32l4xx_hal_dac_ex.o
                0x08002768                HAL_DACEx_ErrorCallbackCh2
 .text.HAL_DACEx_DMAUnderrunCallbackCh2
                0x0800276a        0x2 ./Drivers/STM32L4xx_HAL_Driver/Src/stm32l4xx_hal_dac_ex.o
                0x0800276a                HAL_DACEx_DMAUnderrunCallbackCh2
 .text.DAC_DMAConvCpltCh2
                0x0800276c       0x10 ./Drivers/STM32L4xx_HAL_Driver/Src/stm32l4xx_hal_dac_ex.o
                0x0800276c                DAC_DMAConvCpltCh2
 .text.DAC_DMAHalfConvCpltCh2
                0x0800277c        0xa ./Drivers/STM32L4xx_HAL_Driver/Src/stm32l4xx_hal_dac_ex.o
                0x0800277c                DAC_DMAHalfConvCpltCh2
 .text.DAC_DMAErrorCh2
                0x08002786       0x18 ./Drivers/STM32L4xx_HAL_Driver/Src/stm32l4xx_hal_dac_ex.o
                0x08002786                DAC_DMAErrorCh2
 .text.DMA_SetConfig
                0x0800279e       0x34 ./Drivers/STM32L4xx_HAL_Driver/Src/stm32l4xx_hal_dma.o
 *fill*         0x080027d2        0x2 
 .text.DMA_CalcDMAMUXChannelBaseAndMask
                0x080027d4       0x48 ./Drivers/STM32L4xx_HAL_Driver/Src/stm32l4xx_hal_dma.o
 .text.HAL_DMA_Init
                0x0800281c       0xdc ./Drivers/STM32L4xx_HAL_Driver/Src/stm32l4xx_hal_dma.o
                0x0800281c                HAL_DMA_Init
 .text.HAL_DMA_Start_IT
                0x080028f8       0x80 ./Drivers/STM32L4xx_HAL_Driver/Src/stm32l4xx_hal_dma.o
                0x080028f8                HAL_DMA_Start_IT
 .text.HAL_DMA_Abort
                0x08002978       0x64 ./Drivers/STM32L4xx_HAL_Driver/Src/stm32l4xx_hal_dma.o
                0x08002978                HAL_DMA_Abort
 .text.HAL_DMA_Abort_IT
                0x080029dc       0x6a ./Drivers/STM32L4xx_HAL_Driver/Src/stm32l4xx_hal_dma.o
                0x080029dc                HAL_DMA_Abort_IT
 .text.HAL_DMA_IRQHandler
                0x08002a46       0x94 ./Drivers/STM32L4xx_HAL_Driver/Src/stm32l4xx_hal_dma.o
                0x08002a46                HAL_DMA_IRQHandler
 *fill*         0x08002ada        0x2 
 .text.HAL_GPIO_Init
                0x08002adc      0x1ac ./Drivers/STM32L4xx_HAL_Driver/Src/stm32l4xx_hal_gpio.o
                0x08002adc                HAL_GPIO_Init
 .text.HAL_GPIO_WritePin
                0x08002c88        0xa ./Drivers/STM32L4xx_HAL_Driver/Src/stm32l4xx_hal_gpio.o
                0x08002c88                HAL_GPIO_WritePin
 .text.HAL_GPIO_TogglePin
                0x08002c92       0x12 ./Drivers/STM32L4xx_HAL_Driver/Src/stm32l4xx_hal_gpio.o
                0x08002c92                HAL_GPIO_TogglePin
 .text.HAL_GPIO_EXTI_IRQHandler
                0x08002ca4       0x18 ./Drivers/STM32L4xx_HAL_Driver/Src/stm32l4xx_hal_gpio.o
                0x08002ca4                HAL_GPIO_EXTI_IRQHandler
 .text.HAL_PWREx_GetVoltageRange
                0x08002cbc       0x20 ./Drivers/STM32L4xx_HAL_Driver/Src/stm32l4xx_hal_pwr_ex.o
                0x08002cbc                HAL_PWREx_GetVoltageRange
 .text.HAL_PWREx_ControlVoltageScaling
                0x08002cdc       0xb0 ./Drivers/STM32L4xx_HAL_Driver/Src/stm32l4xx_hal_pwr_ex.o
                0x08002cdc                HAL_PWREx_ControlVoltageScaling
 .text.HAL_PWREx_EnableVddIO2
                0x08002d8c       0x10 ./Drivers/STM32L4xx_HAL_Driver/Src/stm32l4xx_hal_pwr_ex.o
                0x08002d8c                HAL_PWREx_EnableVddIO2
 .text.RCC_SetFlashLatencyFromMSIRange
                0x08002d9c       0x7c ./Drivers/STM32L4xx_HAL_Driver/Src/stm32l4xx_hal_rcc.o
 .text.HAL_RCC_GetSysClockFreq
                0x08002e18       0x94 ./Drivers/STM32L4xx_HAL_Driver/Src/stm32l4xx_hal_rcc.o
                0x08002e18                HAL_RCC_GetSysClockFreq
 .text.HAL_RCC_OscConfig
                0x08002eac      0x54c ./Drivers/STM32L4xx_HAL_Driver/Src/stm32l4xx_hal_rcc.o
                0x08002eac                HAL_RCC_OscConfig
 .text.HAL_RCC_ClockConfig
                0x080033f8      0x1f8 ./Drivers/STM32L4xx_HAL_Driver/Src/stm32l4xx_hal_rcc.o
                0x080033f8                HAL_RCC_ClockConfig
 .text.HAL_RCC_GetHCLKFreq
                0x080035f0        0xc ./Drivers/STM32L4xx_HAL_Driver/Src/stm32l4xx_hal_rcc.o
                0x080035f0                HAL_RCC_GetHCLKFreq
 .text.HAL_RCC_GetPCLK1Freq
                0x080035fc       0x24 ./Drivers/STM32L4xx_HAL_Driver/Src/stm32l4xx_hal_rcc.o
                0x080035fc                HAL_RCC_GetPCLK1Freq
 .text.HAL_RCC_GetPCLK2Freq
                0x08003620       0x24 ./Drivers/STM32L4xx_HAL_Driver/Src/stm32l4xx_hal_rcc.o
                0x08003620                HAL_RCC_GetPCLK2Freq
 .text.RCCEx_PLLSAI1_Config
                0x08003644      0x100 ./Drivers/STM32L4xx_HAL_Driver/Src/stm32l4xx_hal_rcc_ex.o
 .text.RCCEx_PLLSAI2_Config.constprop.0
                0x08003744       0xc8 ./Drivers/STM32L4xx_HAL_Driver/Src/stm32l4xx_hal_rcc_ex.o
 .text.HAL_RCCEx_PeriphCLKConfig
                0x0800380c      0x448 ./Drivers/STM32L4xx_HAL_Driver/Src/stm32l4xx_hal_rcc_ex.o
                0x0800380c                HAL_RCCEx_PeriphCLKConfig
 .text.SPI_WaitFlagStateUntilTimeout.constprop.0
                0x08003c54       0xa4 ./Drivers/STM32L4xx_HAL_Driver/Src/stm32l4xx_hal_spi.o
 .text.SPI_WaitFifoStateUntilTimeout.constprop.0
                0x08003cf8       0xc8 ./Drivers/STM32L4xx_HAL_Driver/Src/stm32l4xx_hal_spi.o
 .text.SPI_EndRxTxTransaction
                0x08003dc0       0x44 ./Drivers/STM32L4xx_HAL_Driver/Src/stm32l4xx_hal_spi.o
 .text.HAL_SPI_Init
                0x08003e04       0xd4 ./Drivers/STM32L4xx_HAL_Driver/Src/stm32l4xx_hal_spi.o
                0x08003e04                HAL_SPI_Init
 .text.HAL_SPI_Transmit
                0x08003ed8      0x18c ./Drivers/STM32L4xx_HAL_Driver/Src/stm32l4xx_hal_spi.o
                0x08003ed8                HAL_SPI_Transmit
 .text.HAL_TIM_Base_Start
                0x08004064       0x6c ./Drivers/STM32L4xx_HAL_Driver/Src/stm32l4xx_hal_tim.o
                0x08004064                HAL_TIM_Base_Start
 .text.HAL_TIM_Base_Start_IT
                0x080040d0       0x74 ./Drivers/STM32L4xx_HAL_Driver/Src/stm32l4xx_hal_tim.o
                0x080040d0                HAL_TIM_Base_Start_IT
 .text.HAL_TIM_Base_Stop_IT
                0x08004144       0x30 ./Drivers/STM32L4xx_HAL_Driver/Src/stm32l4xx_hal_tim.o
                0x08004144                HAL_TIM_Base_Stop_IT
 .text.HAL_TIM_OC_DelayElapsedCallback
                0x08004174        0x2 ./Drivers/STM32L4xx_HAL_Driver/Src/stm32l4xx_hal_tim.o
                0x08004174                HAL_TIM_OC_DelayElapsedCallback
 .text.HAL_TIM_IC_CaptureCallback
                0x08004176        0x2 ./Drivers/STM32L4xx_HAL_Driver/Src/stm32l4xx_hal_tim.o
                0x08004176                HAL_TIM_IC_CaptureCallback
 .text.HAL_TIM_PWM_PulseFinishedCallback
                0x08004178        0x2 ./Drivers/STM32L4xx_HAL_Driver/Src/stm32l4xx_hal_tim.o
                0x08004178                HAL_TIM_PWM_PulseFinishedCallback
 .text.HAL_TIM_TriggerCallback
                0x0800417a        0x2 ./Drivers/STM32L4xx_HAL_Driver/Src/stm32l4xx_hal_tim.o
                0x0800417a                HAL_TIM_TriggerCallback
 .text.HAL_TIM_IRQHandler
                0x0800417c      0x140 ./Drivers/STM32L4xx_HAL_Driver/Src/stm32l4xx_hal_tim.o
                0x0800417c                HAL_TIM_IRQHandler
 .text.TIM_Base_SetConfig
                0x080042bc       0xb0 ./Drivers/STM32L4xx_HAL_Driver/Src/stm32l4xx_hal_tim.o
                0x080042bc                TIM_Base_SetConfig
 .text.HAL_TIM_Base_Init
                0x0800436c       0x60 ./Drivers/STM32L4xx_HAL_Driver/Src/stm32l4xx_hal_tim.o
                0x0800436c                HAL_TIM_Base_Init
 .text.TIM_ETR_SetConfig
                0x080043cc       0x14 ./Drivers/STM32L4xx_HAL_Driver/Src/stm32l4xx_hal_tim.o
                0x080043cc                TIM_ETR_SetConfig
 .text.HAL_TIM_ConfigClockSource
                0x080043e0      0x134 ./Drivers/STM32L4xx_HAL_Driver/Src/stm32l4xx_hal_tim.o
                0x080043e0                HAL_TIM_ConfigClockSource
 .text.HAL_TIMEx_MasterConfigSynchronization
                0x08004514       0x8c ./Drivers/STM32L4xx_HAL_Driver/Src/stm32l4xx_hal_tim_ex.o
                0x08004514                HAL_TIMEx_MasterConfigSynchronization
 .text.HAL_TIMEx_CommutCallback
                0x080045a0        0x2 ./Drivers/STM32L4xx_HAL_Driver/Src/stm32l4xx_hal_tim_ex.o
                0x080045a0                HAL_TIMEx_CommutCallback
 .text.HAL_TIMEx_BreakCallback
                0x080045a2        0x2 ./Drivers/STM32L4xx_HAL_Driver/Src/stm32l4xx_hal_tim_ex.o
                0x080045a2                HAL_TIMEx_BreakCallback
 .text.HAL_TIMEx_Break2Callback
                0x080045a4        0x2 ./Drivers/STM32L4xx_HAL_Driver/Src/stm32l4xx_hal_tim_ex.o
                0x080045a4                HAL_TIMEx_Break2Callback
 *fill*         0x080045a6        0x2 
 .text.UART_EndRxTransfer
                0x080045a8       0x58 ./Drivers/STM32L4xx_HAL_Driver/Src/stm32l4xx_hal_uart.o
 .text.HAL_UART_TxCpltCallback
                0x08004600        0x2 ./Drivers/STM32L4xx_HAL_Driver/Src/stm32l4xx_hal_uart.o
                0x08004600                HAL_UART_TxCpltCallback
 .text.UART_DMAAbortOnError
                0x08004602       0x14 ./Drivers/STM32L4xx_HAL_Driver/Src/stm32l4xx_hal_uart.o
 .text.HAL_UARTEx_RxEventCallback
                0x08004616        0x2 ./Drivers/STM32L4xx_HAL_Driver/Src/stm32l4xx_hal_uart.o
                0x08004616                HAL_UARTEx_RxEventCallback
 .text.HAL_UART_IRQHandler
                0x08004618      0x304 ./Drivers/STM32L4xx_HAL_Driver/Src/stm32l4xx_hal_uart.o
                0x08004618                HAL_UART_IRQHandler
 .text.UART_RxISR_8BIT
                0x0800491c       0xcc ./Drivers/STM32L4xx_HAL_Driver/Src/stm32l4xx_hal_uart.o
 .text.UART_RxISR_16BIT
                0x080049e8       0xc8 ./Drivers/STM32L4xx_HAL_Driver/Src/stm32l4xx_hal_uart.o
 .text.UART_RxISR_8BIT_FIFOEN
                0x08004ab0      0x1a0 ./Drivers/STM32L4xx_HAL_Driver/Src/stm32l4xx_hal_uart.o
 .text.UART_RxISR_16BIT_FIFOEN
                0x08004c50      0x19c ./Drivers/STM32L4xx_HAL_Driver/Src/stm32l4xx_hal_uart.o
 .text.HAL_UART_GetError
                0x08004dec        0x6 ./Drivers/STM32L4xx_HAL_Driver/Src/stm32l4xx_hal_uart.o
                0x08004dec                HAL_UART_GetError
 *fill*         0x08004df2        0x2 
 .text.UART_SetConfig
                0x08004df4      0x254 ./Drivers/STM32L4xx_HAL_Driver/Src/stm32l4xx_hal_uart.o
                0x08004df4                UART_SetConfig
 .text.UART_AdvFeatureConfig
                0x08005048       0xa8 ./Drivers/STM32L4xx_HAL_Driver/Src/stm32l4xx_hal_uart.o
                0x08005048                UART_AdvFeatureConfig
 .text.UART_WaitOnFlagUntilTimeout
                0x080050f0       0x90 ./Drivers/STM32L4xx_HAL_Driver/Src/stm32l4xx_hal_uart.o
                0x080050f0                UART_WaitOnFlagUntilTimeout
 .text.UART_CheckIdleState
                0x08005180       0xb6 ./Drivers/STM32L4xx_HAL_Driver/Src/stm32l4xx_hal_uart.o
                0x08005180                UART_CheckIdleState
 .text.HAL_UART_Init
                0x08005236       0x60 ./Drivers/STM32L4xx_HAL_Driver/Src/stm32l4xx_hal_uart.o
                0x08005236                HAL_UART_Init
 *fill*         0x08005296        0x2 
 .text.UART_Start_Receive_IT
                0x08005298      0x114 ./Drivers/STM32L4xx_HAL_Driver/Src/stm32l4xx_hal_uart.o
                0x08005298                UART_Start_Receive_IT
 .text.HAL_UART_Receive_IT
                0x080053ac       0x44 ./Drivers/STM32L4xx_HAL_Driver/Src/stm32l4xx_hal_uart.o
                0x080053ac                HAL_UART_Receive_IT
 .text.UARTEx_SetNbDataToProcess
                0x080053f0       0x44 ./Drivers/STM32L4xx_HAL_Driver/Src/stm32l4xx_hal_uart_ex.o
 .text.HAL_UARTEx_WakeupCallback
                0x08005434        0x2 ./Drivers/STM32L4xx_HAL_Driver/Src/stm32l4xx_hal_uart_ex.o
                0x08005434                HAL_UARTEx_WakeupCallback
 .text.HAL_UARTEx_RxFifoFullCallback
                0x08005436        0x2 ./Drivers/STM32L4xx_HAL_Driver/Src/stm32l4xx_hal_uart_ex.o
                0x08005436                HAL_UARTEx_RxFifoFullCallback
 .text.HAL_UARTEx_TxFifoEmptyCallback
                0x08005438        0x2 ./Drivers/STM32L4xx_HAL_Driver/Src/stm32l4xx_hal_uart_ex.o
                0x08005438                HAL_UARTEx_TxFifoEmptyCallback
 .text.HAL_UARTEx_DisableFifoMode
                0x0800543a       0x36 ./Drivers/STM32L4xx_HAL_Driver/Src/stm32l4xx_hal_uart_ex.o
                0x0800543a                HAL_UARTEx_DisableFifoMode
 .text.HAL_UARTEx_SetTxFifoThreshold
                0x08005470       0x40 ./Drivers/STM32L4xx_HAL_Driver/Src/stm32l4xx_hal_uart_ex.o
                0x08005470                HAL_UARTEx_SetTxFifoThreshold
 .text.HAL_UARTEx_SetRxFifoThreshold
                0x080054b0       0x40 ./Drivers/STM32L4xx_HAL_Driver/Src/stm32l4xx_hal_uart_ex.o
                0x080054b0                HAL_UARTEx_SetRxFifoThreshold
 .text.memset   0x080054f0       0x10 C:/ST/STM32CubeIDE_2.0.0/STM32CubeIDE/plugins/com.st.stm32cube.ide.mcu.externaltools.gnu-tools-for-stm32.14.3.rel1.win32_1.0.100.202602081740/tools/bin/../lib/gcc/arm-none-eabi/14.3.1/../../../../arm-none-eabi/lib/thumb/v7e-m+fp/hard\libc_nano.a(libc_a-memset.o)
                0x080054f0                memset
 .text.__libc_init_array
                0x08005500       0x48 C:/ST/STM32CubeIDE_2.0.0/STM32CubeIDE/plugins/com.st.stm32cube.ide.mcu.externaltools.gnu-tools-for-stm32.14.3.rel1.win32_1.0.100.202602081740/tools/bin/../lib/gcc/arm-none-eabi/14.3.1/../../../../arm-none-eabi/lib/thumb/v7e-m+fp/hard\libc_nano.a(libc_a-init.o)
                0x08005500                __libc_init_array
 *(.glue_7)
 .glue_7        0x08005548        0x0 linker stubs
 *(.glue_7t)
 .glue_7t       0x08005548        0x0 linker stubs
 *(.eh_frame)
 .eh_frame      0x08005548        0x0 C:/ST/STM32CubeIDE_2.0.0/STM32CubeIDE/plugins/com.st.stm32cube.ide.mcu.externaltools.gnu-tools-for-stm32.14.3.rel1.win32_1.0.100.202602081740/tools/bin/../lib/gcc/arm-none-eabi/14.3.1/thumb/v7e-m+fp/hard/crtbegin.o
 *(.init)
 .init          0x08005548        0x4 C:/ST/STM32CubeIDE_2.0.0/STM32CubeIDE/plugins/com.st.stm32cube.ide.mcu.externaltools.gnu-tools-for-stm32.14.3.rel1.win32_1.0.100.202602081740/tools/bin/../lib/gcc/arm-none-eabi/14.3.1/thumb/v7e-m+fp/hard/crti.o
                0x08005548                _init
 .init          0x0800554c        0x8 C:/ST/STM32CubeIDE_2.0.0/STM32CubeIDE/plugins/com.st.stm32cube.ide.mcu.externaltools.gnu-tools-for-stm32.14.3.rel1.win32_1.0.100.202602081740/tools/bin/../lib/gcc/arm-none-eabi/14.3.1/thumb/v7e-m+fp/hard/crtn.o
 *(.fini)
 .fini          0x08005554        0x4 C:/ST/STM32CubeIDE_2.0.0/STM32CubeIDE/plugins/com.st.stm32cube.ide.mcu.externaltools.gnu-tools-for-stm32.14.3.rel1.win32_1.0.100.202602081740/tools/bin/../lib/gcc/arm-none-eabi/14.3.1/thumb/v7e-m+fp/hard/crti.o
                0x08005554                _fini
 .fini          0x08005558        0x8 C:/ST/STM32CubeIDE_2.0.0/STM32CubeIDE/plugins/com.st.stm32cube.ide.mcu.externaltools.gnu-tools-for-stm32.14.3.rel1.win32_1.0.100.202602081740/tools/bin/../lib/gcc/arm-none-eabi/14.3.1/thumb/v7e-m+fp/hard/crtn.o
                0x08005560                        . = ALIGN (0x4)
                0x08005560                        _etext = .

.vfp11_veneer   0x08005560        0x0
 .vfp11_veneer  0x08005560        0x0 linker stubs

.v4_bx          0x08005560        0x0
 .v4_bx         0x08005560        0x0 linker stubs

.iplt           0x08005560        0x0
 .iplt          0x08005560        0x0 C:/ST/STM32CubeIDE_2.0.0/STM32CubeIDE/plugins/com.st.stm32cube.ide.mcu.externaltools.gnu-tools-for-stm32.14.3.rel1.win32_1.0.100.202602081740/tools/bin/../lib/gcc/arm-none-eabi/14.3.1/thumb/v7e-m+fp/hard/crtbegin.o

.rodata         0x08005560       0x70
                0x08005560                        . = ALIGN (0x4)
 *(.rodata)
 *(.rodata*)
 .rodata.MSIRangeTable
                0x08005560       0x30 ./Core/Src/system_stm32l4xx.o
                0x08005560                MSIRangeTable
 .rodata.APBPrescTable
                0x08005590        0x8 ./Core/Src/system_stm32l4xx.o
                0x08005590                APBPrescTable
 .rodata.AHBPrescTable
                0x08005598       0x10 ./Core/Src/system_stm32l4xx.o
                0x08005598                AHBPrescTable
 .rodata.UARTPrescTable
                0x080055a8       0x18 ./Drivers/STM32L4xx_HAL_Driver/Src/stm32l4xx_hal_uart.o
                0x080055a8                UARTPrescTable
 .rodata.denominator.0
                0x080055c0        0x8 ./Drivers/STM32L4xx_HAL_Driver/Src/stm32l4xx_hal_uart_ex.o
 .rodata.numerator.1
                0x080055c8        0x8 ./Drivers/STM32L4xx_HAL_Driver/Src/stm32l4xx_hal_uart_ex.o
                0x080055d0                        . = ALIGN (0x4)

.ARM.extab      0x080055d0        0x0
                0x080055d0                        . = ALIGN (0x4)
 *(.ARM.extab* .gnu.linkonce.armextab.*)
                0x080055d0                        . = ALIGN (0x4)

.ARM            0x080055d0        0x8
                0x080055d0                        . = ALIGN (0x4)
                0x080055d0                        __exidx_start = .
 *(.ARM.exidx*)
 .ARM.exidx     0x080055d0        0x8 C:/ST/STM32CubeIDE_2.0.0/STM32CubeIDE/plugins/com.st.stm32cube.ide.mcu.externaltools.gnu-tools-for-stm32.14.3.rel1.win32_1.0.100.202602081740/tools/bin/../lib/gcc/arm-none-eabi/14.3.1/thumb/v7e-m+fp/hard\libgcc.a(_udivmoddi4.o)
                0x080055d8                        __exidx_end = .
                0x080055d8                        . = ALIGN (0x4)

.preinit_array  0x080055d8        0x0
                0x080055d8                        . = ALIGN (0x4)
                0x080055d8                        PROVIDE (__preinit_array_start = .)
 *(.preinit_array*)
                0x080055d8                        PROVIDE (__preinit_array_end = .)
                0x080055d8                        . = ALIGN (0x4)

.init_array     0x080055d8        0x4
                0x080055d8                        . = ALIGN (0x4)
                0x080055d8                        PROVIDE (__init_array_start = .)
 *(SORT_BY_NAME(.init_array.*))
 *(.init_array*)
 .init_array    0x080055d8        0x4 C:/ST/STM32CubeIDE_2.0.0/STM32CubeIDE/plugins/com.st.stm32cube.ide.mcu.externaltools.gnu-tools-for-stm32.14.3.rel1.win32_1.0.100.202602081740/tools/bin/../lib/gcc/arm-none-eabi/14.3.1/thumb/v7e-m+fp/hard/crtbegin.o
                0x080055dc                        PROVIDE (__init_array_end = .)
                0x080055dc                        . = ALIGN (0x4)

.fini_array     0x080055dc        0x4
                0x080055dc                        . = ALIGN (0x4)
                [!provide]                        PROVIDE (__fini_array_start = .)
 *(SORT_BY_NAME(.fini_array.*))
 *(.fini_array*)
 .fini_array    0x080055dc        0x4 C:/ST/STM32CubeIDE_2.0.0/STM32CubeIDE/plugins/com.st.stm32cube.ide.mcu.externaltools.gnu-tools-for-stm32.14.3.rel1.win32_1.0.100.202602081740/tools/bin/../lib/gcc/arm-none-eabi/14.3.1/thumb/v7e-m+fp/hard/crtbegin.o
                [!provide]                        PROVIDE (__fini_array_end = .)
                0x080055e0                        . = ALIGN (0x4)
                0x080055e0                        _sidata = LOADADDR (.data)

.rel.dyn        0x080055e0        0x0
 .rel.iplt      0x080055e0        0x0 C:/ST/STM32CubeIDE_2.0.0/STM32CubeIDE/plugins/com.st.stm32cube.ide.mcu.externaltools.gnu-tools-for-stm32.14.3.rel1.win32_1.0.100.202602081740/tools/bin/../lib/gcc/arm-none-eabi/14.3.1/thumb/v7e-m+fp/hard/crtbegin.o

.data           0x20040000     0xbe14 load address 0x080055e0
                0x20040000                        . = ALIGN (0x4)
                0x20040000                        _sdata = .
 *(.data)
 *(.data*)
 .data.LETTERS  0x20040000      0x138 ./Core/Src/MAX7219Driver.o
                0x20040000                LETTERS
 .data.InitCommands
                0x20040138        0xa ./Core/Src/MAX7219Driver.o
                0x20040138                InitCommands
 *fill*         0x20040142        0x2 
 .data.current_arr2
                0x20040144        0x4 ./Core/Src/main.o
                0x20040144                current_arr2
 .data.current_arr1
                0x20040148        0x4 ./Core/Src/main.o
                0x20040148                current_arr1
 .data.elapsed_time
                0x2004014c        0x4 ./Core/Src/main.o
                0x2004014c                elapsed_time
 .data.output_pcm_len
                0x20040150        0x4 ./Core/Src/main.o
                0x20040150                output_pcm_len
 .data.output_pcm
                0x20040154     0xbcb1 ./Core/Src/main.o
                0x20040154                output_pcm
 *fill*         0x2004be05        0x3 
 .data.SystemCoreClock
                0x2004be08        0x4 ./Core/Src/system_stm32l4xx.o
                0x2004be08                SystemCoreClock
 .data.uwTickFreq
                0x2004be0c        0x1 ./Drivers/STM32L4xx_HAL_Driver/Src/stm32l4xx_hal.o
                0x2004be0c                uwTickFreq
 *fill*         0x2004be0d        0x3 
 .data.uwTickPrio
                0x2004be10        0x4 ./Drivers/STM32L4xx_HAL_Driver/Src/stm32l4xx_hal.o
                0x2004be10                uwTickPrio
 *(.RamFunc)
 *(.RamFunc*)
                0x2004be14                        . = ALIGN (0x4)
                0x2004be14                        _edata = .

.igot.plt       0x2004be14        0x0 load address 0x080113f4
 .igot.plt      0x2004be14        0x0 C:/ST/STM32CubeIDE_2.0.0/STM32CubeIDE/plugins/com.st.stm32cube.ide.mcu.externaltools.gnu-tools-for-stm32.14.3.rel1.win32_1.0.100.202602081740/tools/bin/../lib/gcc/arm-none-eabi/14.3.1/thumb/v7e-m+fp/hard/crtbegin.o
                0x2004be14                        . = ALIGN (0x4)

.bss            0x2004be14      0x46c load address 0x080113f4
                0x2004be14                        _sbss = .
                0x2004be14                        __bss_start__ = _sbss
 *(.bss)
 .bss           0x2004be14       0x1c C:/ST/STM32CubeIDE_2.0.0/STM32CubeIDE/plugins/com.st.stm32cube.ide.mcu.externaltools.gnu-tools-for-stm32.14.3.rel1.win32_1.0.100.202602081740/tools/bin/../lib/gcc/arm-none-eabi/14.3.1/thumb/v7e-m+fp/hard/crtbegin.o
 *(.bss*)
 .bss.board     0x2004be30        0x1 ./Core/Src/main.o
                0x2004be30                board
 .bss.game_ongoing
                0x2004be31        0x1 ./Core/Src/main.o
                0x2004be31                game_ongoing
 *fill*         0x2004be32        0x2 
 .bss.clear_flag
                0x2004be34        0x4 ./Core/Src/main.o
                0x2004be34                clear_flag
 .bss.time_update
                0x2004be38        0x4 ./Core/Src/main.o
                0x2004be38                time_update
 .bss.current_pitch
                0x2004be3c        0x4 ./Core/Src/main.o
                0x2004be3c                current_pitch
 .bss.current_roll
                0x2004be40        0x4 ./Core/Src/main.o
                0x2004be40                current_roll
 .bss.arr_step2
                0x2004be44        0x4 ./Core/Src/main.o
                0x2004be44                arr_step2
 .bss.arr_step1
                0x2004be48        0x4 ./Core/Src/main.o
                0x2004be48                arr_step1
 .bss.steps_to_take2
                0x2004be4c        0x4 ./Core/Src/main.o
                0x2004be4c                steps_to_take2
 .bss.steps_to_take1
                0x2004be50        0x4 ./Core/Src/main.o
                0x2004be50                steps_to_take1
 .bss.steps_left2
                0x2004be54        0x4 ./Core/Src/main.o
                0x2004be54                steps_left2
 .bss.steps_left1
                0x2004be58        0x4 ./Core/Src/main.o
                0x2004be58                steps_left1
 .bss.mov_flag2
                0x2004be5c        0x1 ./Core/Src/main.o
                0x2004be5c                mov_flag2
 .bss.mov_flag1
                0x2004be5d        0x1 ./Core/Src/main.o
                0x2004be5d                mov_flag1
 .bss.msg_flag  0x2004be5e        0x1 ./Core/Src/main.o
                0x2004be5e                msg_flag
 *fill*         0x2004be5f        0x1 
 .bss.received_pitch
                0x2004be60        0x4 ./Core/Src/main.o
                0x2004be60                received_pitch
 .bss.received_roll
                0x2004be64        0x4 ./Core/Src/main.o
                0x2004be64                received_roll
 .bss.rx_byte   0x2004be68        0x2 ./Core/Src/main.o
                0x2004be68                rx_byte
 *fill*         0x2004be6a        0x2 
 .bss.htim7     0x2004be6c       0x4c ./Core/Src/main.o
                0x2004be6c                htim7
 .bss.htim6     0x2004beb8       0x4c ./Core/Src/main.o
                0x2004beb8                htim6
 .bss.htim5     0x2004bf04       0x4c ./Core/Src/main.o
                0x2004bf04                htim5
 .bss.htim4     0x2004bf50       0x4c ./Core/Src/main.o
                0x2004bf50                htim4
 .bss.htim3     0x2004bf9c       0x4c ./Core/Src/main.o
                0x2004bf9c                htim3
 .bss.hspi1     0x2004bfe8       0x64 ./Core/Src/main.o
                0x2004bfe8                hspi1
 .bss.huart2    0x2004c04c       0x94 ./Core/Src/main.o
                0x2004c04c                huart2
 .bss.huart5    0x2004c0e0       0x94 ./Core/Src/main.o
                0x2004c0e0                huart5
 .bss.hlpuart1  0x2004c174       0x94 ./Core/Src/main.o
                0x2004c174                hlpuart1
 .bss.hdma_dac1_ch1
                0x2004c208       0x60 ./Core/Src/main.o
                0x2004c208                hdma_dac1_ch1
 .bss.hdac1     0x2004c268       0x14 ./Core/Src/main.o
                0x2004c268                hdac1
 .bss.uwTick    0x2004c27c        0x4 ./Drivers/STM32L4xx_HAL_Driver/Src/stm32l4xx_hal.o
                0x2004c27c                uwTick
 *(COMMON)
                0x2004c280                        . = ALIGN (0x4)
                0x2004c280                        _ebss = .
                0x2004c280                        __bss_end__ = _ebss

._user_heap_stack
                0x2004c280      0x600 load address 0x080113f4
                0x2004c280                        . = ALIGN (0x8)
                [!provide]                        PROVIDE (end = .)
                0x2004c280                        PROVIDE (_end = .)
                0x2004c480                        . = (. + _Min_Heap_Size)
 *fill*         0x2004c280      0x200 
                0x2004c880                        . = (. + _Min_Stack_Size)
 *fill*         0x2004c480      0x400 
                0x2004c880                        . = ALIGN (0x8)

/DISCARD/
 libc.a(*)
 libm.a(*)
 libgcc.a(*)

.ARM.attributes
                0x00000000       0x30
 *(.ARM.attributes)
 .ARM.attributes
                0x00000000       0x22 C:/ST/STM32CubeIDE_2.0.0/STM32CubeIDE/plugins/com.st.stm32cube.ide.mcu.externaltools.gnu-tools-for-stm32.14.3.rel1.win32_1.0.100.202602081740/tools/bin/../lib/gcc/arm-none-eabi/14.3.1/thumb/v7e-m+fp/hard/crti.o
 .ARM.attributes
                0x00000022       0x34 C:/ST/STM32CubeIDE_2.0.0/STM32CubeIDE/plugins/com.st.stm32cube.ide.mcu.externaltools.gnu-tools-for-stm32.14.3.rel1.win32_1.0.100.202602081740/tools/bin/../lib/gcc/arm-none-eabi/14.3.1/thumb/v7e-m+fp/hard/crtbegin.o
 .ARM.attributes
                0x00000056       0x34 ./Core/Src/MAX7219Driver.o
 .ARM.attributes
                0x0000008a       0x34 ./Core/Src/main.o
 .ARM.attributes
                0x000000be       0x34 ./Core/Src/stm32l4xx_hal_msp.o
 .ARM.attributes
                0x000000f2       0x34 ./Core/Src/stm32l4xx_it.o
 .ARM.attributes
                0x00000126       0x34 ./Core/Src/system_stm32l4xx.o
 .ARM.attributes
                0x0000015a       0x21 ./Core/Startup/startup_stm32l4r5zitxp.o
 .ARM.attributes
                0x0000017b       0x34 ./Drivers/STM32L4xx_HAL_Driver/Src/stm32l4xx_hal.o
 .ARM.attributes
                0x000001af       0x34 ./Drivers/STM32L4xx_HAL_Driver/Src/stm32l4xx_hal_cortex.o
 .ARM.attributes
                0x000001e3       0x34 ./Drivers/STM32L4xx_HAL_Driver/Src/stm32l4xx_hal_dac.o
 .ARM.attributes
                0x00000217       0x34 ./Drivers/STM32L4xx_HAL_Driver/Src/stm32l4xx_hal_dac_ex.o
 .ARM.attributes
                0x0000024b       0x34 ./Drivers/STM32L4xx_HAL_Driver/Src/stm32l4xx_hal_dma.o
 .ARM.attributes
                0x0000027f       0x34 ./Drivers/STM32L4xx_HAL_Driver/Src/stm32l4xx_hal_gpio.o
 .ARM.attributes
                0x000002b3       0x34 ./Drivers/STM32L4xx_HAL_Driver/Src/stm32l4xx_hal_pwr_ex.o
 .ARM.attributes
                0x000002e7       0x34 ./Drivers/STM32L4xx_HAL_Driver/Src/stm32l4xx_hal_rcc.o
 .ARM.attributes
                0x0000031b       0x34 ./Drivers/STM32L4xx_HAL_Driver/Src/stm32l4xx_hal_rcc_ex.o
 .ARM.attributes
                0x0000034f       0x34 ./Drivers/STM32L4xx_HAL_Driver/Src/stm32l4xx_hal_spi.o
 .ARM.attributes
                0x00000383       0x34 ./Drivers/STM32L4xx_HAL_Driver/Src/stm32l4xx_hal_tim.o
 .ARM.attributes
                0x000003b7       0x34 ./Drivers/STM32L4xx_HAL_Driver/Src/stm32l4xx_hal_tim_ex.o
 .ARM.attributes
                0x000003eb       0x34 ./Drivers/STM32L4xx_HAL_Driver/Src/stm32l4xx_hal_uart.o
 .ARM.attributes
                0x0000041f       0x34 ./Drivers/STM32L4xx_HAL_Driver/Src/stm32l4xx_hal_uart_ex.o
 .ARM.attributes
                0x00000453       0x34 C:/ST/STM32CubeIDE_2.0.0/STM32CubeIDE/plugins/com.st.stm32cube.ide.mcu.externaltools.gnu-tools-for-stm32.14.3.rel1.win32_1.0.100.202602081740/tools/bin/../lib/gcc/arm-none-eabi/14.3.1/../../../../arm-none-eabi/lib/thumb/v7e-m+fp/hard\libc_nano.a(libc_a-memset.o)
 .ARM.attributes
                0x00000487       0x34 C:/ST/STM32CubeIDE_2.0.0/STM32CubeIDE/plugins/com.st.stm32cube.ide.mcu.externaltools.gnu-tools-for-stm32.14.3.rel1.win32_1.0.100.202602081740/tools/bin/../lib/gcc/arm-none-eabi/14.3.1/../../../../arm-none-eabi/lib/thumb/v7e-m+fp/hard\libc_nano.a(libc_a-init.o)
 .ARM.attributes
                0x000004bb       0x22 C:/ST/STM32CubeIDE_2.0.0/STM32CubeIDE/plugins/com.st.stm32cube.ide.mcu.externaltools.gnu-tools-for-stm32.14.3.rel1.win32_1.0.100.202602081740/tools/bin/../lib/gcc/arm-none-eabi/14.3.1/thumb/v7e-m+fp/hard\libgcc.a(_arm_addsubdf3.o)
 .ARM.attributes
                0x000004dd       0x22 C:/ST/STM32CubeIDE_2.0.0/STM32CubeIDE/plugins/com.st.stm32cube.ide.mcu.externaltools.gnu-tools-for-stm32.14.3.rel1.win32_1.0.100.202602081740/tools/bin/../lib/gcc/arm-none-eabi/14.3.1/thumb/v7e-m+fp/hard\libgcc.a(_arm_muldivdf3.o)
 .ARM.attributes
                0x000004ff       0x22 C:/ST/STM32CubeIDE_2.0.0/STM32CubeIDE/plugins/com.st.stm32cube.ide.mcu.externaltools.gnu-tools-for-stm32.14.3.rel1.win32_1.0.100.202602081740/tools/bin/../lib/gcc/arm-none-eabi/14.3.1/thumb/v7e-m+fp/hard\libgcc.a(_arm_truncdfsf2.o)
 .ARM.attributes
                0x00000521       0x22 C:/ST/STM32CubeIDE_2.0.0/STM32CubeIDE/plugins/com.st.stm32cube.ide.mcu.externaltools.gnu-tools-for-stm32.14.3.rel1.win32_1.0.100.202602081740/tools/bin/../lib/gcc/arm-none-eabi/14.3.1/thumb/v7e-m+fp/hard\libgcc.a(_aeabi_uldivmod.o)
 .ARM.attributes
                0x00000543       0x34 C:/ST/STM32CubeIDE_2.0.0/STM32CubeIDE/plugins/com.st.stm32cube.ide.mcu.externaltools.gnu-tools-for-stm32.14.3.rel1.win32_1.0.100.202602081740/tools/bin/../lib/gcc/arm-none-eabi/14.3.1/thumb/v7e-m+fp/hard\libgcc.a(_udivmoddi4.o)
 .ARM.attributes
                0x00000577       0x22 C:/ST/STM32CubeIDE_2.0.0/STM32CubeIDE/plugins/com.st.stm32cube.ide.mcu.externaltools.gnu-tools-for-stm32.14.3.rel1.win32_1.0.100.202602081740/tools/bin/../lib/gcc/arm-none-eabi/14.3.1/thumb/v7e-m+fp/hard\libgcc.a(_dvmd_tls.o)
 .ARM.attributes
                0x00000599       0x22 C:/ST/STM32CubeIDE_2.0.0/STM32CubeIDE/plugins/com.st.stm32cube.ide.mcu.externaltools.gnu-tools-for-stm32.14.3.rel1.win32_1.0.100.202602081740/tools/bin/../lib/gcc/arm-none-eabi/14.3.1/thumb/v7e-m+fp/hard/crtn.o
OUTPUT(maze_test.elf elf32-littlearm)
LOAD linker stubs
LOAD C:/ST/STM32CubeIDE_2.0.0/STM32CubeIDE/plugins/com.st.stm32cube.ide.mcu.externaltools.gnu-tools-for-stm32.14.3.rel1.win32_1.0.100.202602081740/tools/bin/../lib/gcc/arm-none-eabi/14.3.1/../../../../arm-none-eabi/lib/thumb/v7e-m+fp/hard\libc.a
LOAD C:/ST/STM32CubeIDE_2.0.0/STM32CubeIDE/plugins/com.st.stm32cube.ide.mcu.externaltools.gnu-tools-for-stm32.14.3.rel1.win32_1.0.100.202602081740/tools/bin/../lib/gcc/arm-none-eabi/14.3.1/../../../../arm-none-eabi/lib/thumb/v7e-m+fp/hard\libm.a
LOAD C:/ST/STM32CubeIDE_2.0.0/STM32CubeIDE/plugins/com.st.stm32cube.ide.mcu.externaltools.gnu-tools-for-stm32.14.3.rel1.win32_1.0.100.202602081740/tools/bin/../lib/gcc/arm-none-eabi/14.3.1/thumb/v7e-m+fp/hard\libgcc.a

.comment        0x00000000       0x43
 .comment       0x00000000       0x43 ./Core/Src/MAX7219Driver.o
                                 0x44 (size before relaxing)
 .comment       0x00000043       0x44 ./Core/Src/main.o
 .comment       0x00000043       0x44 ./Core/Src/stm32l4xx_hal_msp.o
 .comment       0x00000043       0x44 ./Core/Src/stm32l4xx_it.o
 .comment       0x00000043       0x44 ./Core/Src/system_stm32l4xx.o
 .comment       0x00000043       0x44 ./Drivers/STM32L4xx_HAL_Driver/Src/stm32l4xx_hal.o
 .comment       0x00000043       0x44 ./Drivers/STM32L4xx_HAL_Driver/Src/stm32l4xx_hal_cortex.o
 .comment       0x00000043       0x44 ./Drivers/STM32L4xx_HAL_Driver/Src/stm32l4xx_hal_dac.o
 .comment       0x00000043       0x44 ./Drivers/STM32L4xx_HAL_Driver/Src/stm32l4xx_hal_dac_ex.o
 .comment       0x00000043       0x44 ./Drivers/STM32L4xx_HAL_Driver/Src/stm32l4xx_hal_dma.o
 .comment       0x00000043       0x44 ./Drivers/STM32L4xx_HAL_Driver/Src/stm32l4xx_hal_gpio.o
 .comment       0x00000043       0x44 ./Drivers/STM32L4xx_HAL_Driver/Src/stm32l4xx_hal_pwr_ex.o
 .comment       0x00000043       0x44 ./Drivers/STM32L4xx_HAL_Driver/Src/stm32l4xx_hal_rcc.o
 .comment       0x00000043       0x44 ./Drivers/STM32L4xx_HAL_Driver/Src/stm32l4xx_hal_rcc_ex.o
 .comment       0x00000043       0x44 ./Drivers/STM32L4xx_HAL_Driver/Src/stm32l4xx_hal_spi.o
 .comment       0x00000043       0x44 ./Drivers/STM32L4xx_HAL_Driver/Src/stm32l4xx_hal_tim.o
 .comment       0x00000043       0x44 ./Drivers/STM32L4xx_HAL_Driver/Src/stm32l4xx_hal_tim_ex.o
 .comment       0x00000043       0x44 ./Drivers/STM32L4xx_HAL_Driver/Src/stm32l4xx_hal_uart.o
 .comment       0x00000043       0x44 ./Drivers/STM32L4xx_HAL_Driver/Src/stm32l4xx_hal_uart_ex.o

.debug_frame    0x00000000      0x1cc
 .debug_frame   0x00000000       0x20 C:/ST/STM32CubeIDE_2.0.0/STM32CubeIDE/plugins/com.st.stm32cube.ide.mcu.externaltools.gnu-tools-for-stm32.14.3.rel1.win32_1.0.100.202602081740/tools/bin/../lib/gcc/arm-none-eabi/14.3.1/../../../../arm-none-eabi/lib/thumb/v7e-m+fp/hard\libc_nano.a(libc_a-memset.o)
 .debug_frame   0x00000020       0x2c C:/ST/STM32CubeIDE_2.0.0/STM32CubeIDE/plugins/com.st.stm32cube.ide.mcu.externaltools.gnu-tools-for-stm32.14.3.rel1.win32_1.0.100.202602081740/tools/bin/../lib/gcc/arm-none-eabi/14.3.1/../../../../arm-none-eabi/lib/thumb/v7e-m+fp/hard\libc_nano.a(libc_a-init.o)
 .debug_frame   0x0000004c       0xac C:/ST/STM32CubeIDE_2.0.0/STM32CubeIDE/plugins/com.st.stm32cube.ide.mcu.externaltools.gnu-tools-for-stm32.14.3.rel1.win32_1.0.100.202602081740/tools/bin/../lib/gcc/arm-none-eabi/14.3.1/thumb/v7e-m+fp/hard\libgcc.a(_arm_addsubdf3.o)
 .debug_frame   0x000000f8       0x50 C:/ST/STM32CubeIDE_2.0.0/STM32CubeIDE/plugins/com.st.stm32cube.ide.mcu.externaltools.gnu-tools-for-stm32.14.3.rel1.win32_1.0.100.202602081740/tools/bin/../lib/gcc/arm-none-eabi/14.3.1/thumb/v7e-m+fp/hard\libgcc.a(_arm_muldivdf3.o)
 .debug_frame   0x00000148       0x24 C:/ST/STM32CubeIDE_2.0.0/STM32CubeIDE/plugins/com.st.stm32cube.ide.mcu.externaltools.gnu-tools-for-stm32.14.3.rel1.win32_1.0.100.202602081740/tools/bin/../lib/gcc/arm-none-eabi/14.3.1/thumb/v7e-m+fp/hard\libgcc.a(_arm_truncdfsf2.o)
 .debug_frame   0x0000016c       0x2c C:/ST/STM32CubeIDE_2.0.0/STM32CubeIDE/plugins/com.st.stm32cube.ide.mcu.externaltools.gnu-tools-for-stm32.14.3.rel1.win32_1.0.100.202602081740/tools/bin/../lib/gcc/arm-none-eabi/14.3.1/thumb/v7e-m+fp/hard\libgcc.a(_aeabi_uldivmod.o)
 .debug_frame   0x00000198       0x34 C:/ST/STM32CubeIDE_2.0.0/STM32CubeIDE/plugins/com.st.stm32cube.ide.mcu.externaltools.gnu-tools-for-stm32.14.3.rel1.win32_1.0.100.202602081740/tools/bin/../lib/gcc/arm-none-eabi/14.3.1/thumb/v7e-m+fp/hard\libgcc.a(_udivmoddi4.o)
