../Core/Src/main.c:341:6:SystemClock_Config	96	static,ignoring_inline_asm
../Core/Src/main.c:142:5:main	152	static,ignoring_inline_asm
../Core/Src/main.c:1102:1:__io_putchar	16	static
../Core/Src/main.c:1108:6:HAL_UART_RxCpltCallback	8	static
../Core/Src/main.c:1143:6:HAL_TIM_PeriodElapsedCallback	40	static
../Core/Src/main.c:1237:6:HAL_UART_ErrorCallback	8	static
../Core/Src/main.c:1256:6:HAL_GPIO_EXTI_Callback	0	static
../Core/Src/main.c:1275:6:Error_Handler	0	static,ignoring_inline_asm
