../Core/Src/stm32l4xx_hal_msp.c:64:6:HAL_MspInit	8	static
../Core/Src/stm32l4xx_hal_msp.c:87:6:HAL_DAC_MspInit	48	static
../Core/Src/stm32l4xx_hal_msp.c:142:6:HAL_DAC_MspDeInit	8	static
../Core/Src/stm32l4xx_hal_msp.c:182:6:HAL_UART_MspInit	224	static
../Core/Src/stm32l4xx_hal_msp.c:312:6:HAL_UART_MspDeInit	8	static
../Core/Src/stm32l4xx_hal_msp.c:383:6:HAL_SPI_MspInit	40	static
../Core/Src/stm32l4xx_hal_msp.c:421:6:HAL_SPI_MspDeInit	0	static
../Core/Src/stm32l4xx_hal_msp.c:451:6:HAL_TIM_Base_MspInit	72	static
../Core/Src/stm32l4xx_hal_msp.c:570:6:HAL_TIM_Base_MspDeInit	8	static
